node.exe : 
Au caractère Ligne:1 : 1
+ & "C:\Program Files\nodejs/node.exe" "C:\Program Files\nodejs/node_mo ...
+ ~~~~~~~~~~~~~~~~~~~~~~~~~~~~~~~~~~~~~~~~~~~~~~~~~~~~~~~~~~~~~~~~~~~~~
    + CategoryInfo          : NotSpecified: (:String) [], RemoteException
    + FullyQualifiedErrorId : NativeCommandError
 
<--- Last few GCs --->

[2876:000002273F037000]   139967 ms: Mark-Compact 2042.5 (2051.4) -> 2037.4 (2050.9) MB, pooled: 0 MB, 2553.17 / 0.00 
ms  (average mu = 0.141, current mu = 0.029) allocation failure; scavenge might not succeed
[2876:000002273F037000]   141490 ms: Mark-Compact 2039.5 (2050.9) -> 2037.7 (2048.4) MB, pooled: 4 MB, 1465.33 / 0.00 
ms  (average mu = 0.095, current mu = 0.038) allocation failure; scavenge might not succeed

FATAL ERROR: Ineffective mark-compacts near heap limit Allocation failed - JavaScript heap out of memory
----- Native stack trace -----

 1: 00007FF742F4C36F node::OnFatalError+1343
 2: 00007FF743B94D77 v8::Function::NewInstance+423
 3: 00007FF743995467 v8::base::AddressSpaceReservation::AddressSpaceReservation+322071
 4: 00007FF743999174 v8::base::AddressSpaceReservation::AddressSpaceReservation+337700
 5: 00007FF7439A810C v8::internal::StrongRootAllocatorBase::deallocate_impl+16604
 6: 00007FF7439A794B v8::internal::StrongRootAllocatorBase::deallocate_impl+14619
 7: 00007FF744E2DAED v8::base::UnsignedDivisionByConstant<unsigned __int64>+2791421
 8: 00007FF743992F30 v8::base::AddressSpaceReservation::AddressSpaceReservation+312544
 9: 00007FF7439AD7BA X509_STORE_set_cleanup+5098
10: 00007FF7439B9C56 uv_timer_set_repeat+20694
11: 00007FF74358CD47 v8::String::Utf8Value::~Utf8Value+143495
12: 000002277773733A 
